MapSize 10 10
Tile 0 0 Grass
Tile 0 1 Grass
Tile 0 2 Grass
Tile 0 3 Grass
Tile 0 4 Grass
Tile 0 5 Grass
Tile 0 6 Grass
Tile 0 7 Grass
Tile 0 8 Grass
Tile 0 9 Grass
Tile 1 0 Grass
Tile 1 1 Grass
Tile 1 2 Grass
Tile 1 3 Grass
Tile 1 4 Grass
Tile 1 5 Grass
Tile 1 6 Grass
Tile 1 7 Grass
Tile 1 8 Grass
Tile 1 9 Grass
Tile 2 0 Rocks
Tile 2 1 Grass
Tile 2 2 Grass
Tile 2 3 Grass
Tile 2 4 Grass
Tile 2 5 Grass
Tile 2 6 Grass
Tile 2 7 Grass
Tile 2 8 Grass
Tile 2 9 Grass
Tile 3 0 Grass
Tile 3 1 Grass
Tile 3 2 Grass
Tile 3 3 Grass
Tile 3 4 Grass
Tile 3 5 Grass
Tile 3 6 Grass
Tile 3 7 Grass
Tile 3 8 Grass
Tile 3 9 Grass
Tile 4 0 Grass
Tile 4 1 Grass
Tile 4 2 Grass
Tile 4 3 Rocks
Tile 4 4 Grass
Tile 4 5 Rocks
Tile 4 6 Grass
Tile 4 7 Rocks
Tile 4 8 Grass
Tile 4 9 Grass
Tile 5 0 Grass
Tile 5 1 Grass
Tile 5 2 Grass
Tile 5 3 Rocks
Tile 5 4 Rocks
Tile 5 5 Rocks
Tile 5 6 Rocks
Tile 5 7 Rocks
Tile 5 8 Grass
Tile 5 9 Grass
Tile 6 0 Grass
Tile 6 1 Grass
Tile 6 2 Grass
Tile 6 3 Rocks
Tile 6 4 Rocks
Tile 6 5 Rocks
Tile 6 6 Rocks
Tile 6 7 Rocks
Tile 6 8 Grass
Tile 6 9 Grass
Tile 7 0 Grass
Tile 7 1 Grass
Tile 7 2 Grass
Tile 7 3 Rocks
Tile 7 4 Rocks
Tile 7 5 Rocks
Tile 7 6 Rocks
Tile 7 7 Rocks
Tile 7 8 Grass
Tile 7 9 Grass
Tile 8 0 Grass
Tile 8 1 Grass
Tile 8 2 Grass
Tile 8 3 Grass
Tile 8 4 Grass
Tile 8 5 Grass
Tile 8 6 Grass
Tile 8 7 Grass
Tile 8 8 Grass
Tile 8 9 Grass
Tile 9 0 Grass
Tile 9 1 Grass
Tile 9 2 Grass
Tile 9 3 Grass
Tile 9 4 Grass
Tile 9 5 Grass
Tile 9 6 Grass
Tile 9 7 Grass
Tile 9 8 Grass
Tile 9 9 Grass
