MapSize 50 50
Player1Position 0 0
Player2Position 9 5
Tile 0 0 Grass
Tile 1 0 Grass
Tile 2 0 Grass
Tile 3 0 Grass
Tile 4 0 Grass
Tile 5 0 Grass
Tile 6 0 Grass
Tile 7 0 Grass
Tile 8 0 Grass
Tile 9 0 Grass
Tile 10 0 Grass
Tile 11 0 Grass
Tile 12 0 Rocks
Tile 13 0 Rocks
Tile 14 0 Grass
Tile 15 0 Grass
Tile 16 0 Grass
Tile 17 0 Grass
Tile 18 0 Grass
Tile 19 0 Grass
Tile 20 0 Grass
Tile 21 0 Grass
Tile 22 0 Grass
Tile 23 0 Grass
Tile 24 0 Grass
Tile 25 0 Grass
Tile 26 0 Grass
Tile 27 0 Grass
Tile 28 0 Grass
Tile 29 0 Grass
Tile 30 0 Grass
Tile 31 0 Grass
Tile 32 0 Grass
Tile 33 0 Grass
Tile 34 0 Grass
Tile 35 0 Grass
Tile 36 0 Grass
Tile 37 0 Grass
Tile 38 0 Grass
Tile 39 0 Grass
Tile 40 0 Grass
Tile 41 0 Grass
Tile 42 0 Grass
Tile 43 0 Grass
Tile 44 0 Grass
Tile 45 0 Grass
Tile 46 0 Grass
Tile 47 0 Grass
Tile 48 0 Grass
Tile 49 0 Grass
Tile 0 1 Grass
Tile 1 1 Grass
Tile 2 1 Grass
Tile 3 1 Grass
Tile 4 1 Grass
Tile 5 1 Grass
Tile 6 1 Grass
Tile 7 1 Grass
Tile 8 1 Grass
Tile 9 1 Grass
Tile 10 1 Grass
Tile 11 1 Grass
Tile 12 1 Rocks
Tile 13 1 Rocks
Tile 14 1 Grass
Tile 15 1 Grass
Tile 16 1 Grass
Tile 17 1 Grass
Tile 18 1 Grass
Tile 19 1 Grass
Tile 20 1 Grass
Tile 21 1 Grass
Tile 22 1 Grass
Tile 23 1 Grass
Tile 24 1 Grass
Tile 25 1 Grass
Tile 26 1 Grass
Tile 27 1 Grass
Tile 28 1 Grass
Tile 29 1 Grass
Tile 30 1 Grass
Tile 31 1 Grass
Tile 32 1 Grass
Tile 33 1 Grass
Tile 34 1 Grass
Tile 35 1 Grass
Tile 36 1 Grass
Tile 37 1 Grass
Tile 38 1 Grass
Tile 39 1 Grass
Tile 40 1 Grass
Tile 41 1 Grass
Tile 42 1 Grass
Tile 43 1 Grass
Tile 44 1 Grass
Tile 45 1 Grass
Tile 46 1 Grass
Tile 47 1 Grass
Tile 48 1 Grass
Tile 49 1 Grass
Tile 0 2 Grass
Tile 1 2 Grass
Tile 2 2 Grass
Tile 3 2 Grass
Tile 4 2 Grass
Tile 5 2 Grass
Tile 6 2 Grass
Tile 7 2 Grass
Tile 8 2 Grass
Tile 9 2 Grass
Tile 10 2 Grass
Tile 11 2 Grass
Tile 12 2 Rocks
Tile 13 2 Rocks
Tile 14 2 Grass
Tile 15 2 Grass
Tile 16 2 Grass
Tile 17 2 Grass
Tile 18 2 Grass
Tile 19 2 Grass
Tile 20 2 Grass
Tile 21 2 Grass
Tile 22 2 Grass
Tile 23 2 Grass
Tile 24 2 Grass
Tile 25 2 Grass
Tile 26 2 Grass
Tile 27 2 Grass
Tile 28 2 Grass
Tile 29 2 Grass
Tile 30 2 Grass
Tile 31 2 Grass
Tile 32 2 Grass
Tile 33 2 Grass
Tile 34 2 Grass
Tile 35 2 Grass
Tile 36 2 Grass
Tile 37 2 Grass
Tile 38 2 Grass
Tile 39 2 Grass
Tile 40 2 Grass
Tile 41 2 Grass
Tile 42 2 Grass
Tile 43 2 Grass
Tile 44 2 Grass
Tile 45 2 Grass
Tile 46 2 Grass
Tile 47 2 Grass
Tile 48 2 Grass
Tile 49 2 Grass
Tile 0 3 Grass
Tile 1 3 Grass
Tile 2 3 Grass
Tile 3 3 Grass
Tile 4 3 Grass
Tile 5 3 Grass
Tile 6 3 Grass
Tile 7 3 Grass
Tile 8 3 Grass
Tile 9 3 Grass
Tile 10 3 Grass
Tile 11 3 Grass
Tile 12 3 Rocks
Tile 13 3 Rocks
Tile 14 3 Grass
Tile 15 3 Grass
Tile 16 3 Grass
Tile 17 3 Grass
Tile 18 3 Grass
Tile 19 3 Grass
Tile 20 3 Grass
Tile 21 3 Grass
Tile 22 3 Grass
Tile 23 3 Grass
Tile 24 3 Grass
Tile 25 3 Grass
Tile 26 3 Grass
Tile 27 3 Grass
Tile 28 3 Grass
Tile 29 3 Grass
Tile 30 3 Grass
Tile 31 3 Grass
Tile 32 3 Grass
Tile 33 3 Grass
Tile 34 3 Grass
Tile 35 3 Grass
Tile 36 3 Grass
Tile 37 3 Grass
Tile 38 3 Grass
Tile 39 3 Grass
Tile 40 3 Grass
Tile 41 3 Grass
Tile 42 3 Grass
Tile 43 3 Grass
Tile 44 3 Grass
Tile 45 3 Grass
Tile 46 3 Grass
Tile 47 3 Grass
Tile 48 3 Grass
Tile 49 3 Grass
Tile 0 4 Grass
Tile 1 4 Grass
Tile 2 4 Grass
Tile 3 4 Grass
Tile 4 4 Grass
Tile 5 4 Grass
Tile 6 4 Grass
Tile 7 4 Grass
Tile 8 4 Grass
Tile 9 4 Grass
Tile 10 4 Grass
Tile 11 4 Grass
Tile 12 4 Rocks
Tile 13 4 Rocks
Tile 14 4 Grass
Tile 15 4 Grass
Tile 16 4 Grass
Tile 17 4 Grass
Tile 18 4 Grass
Tile 19 4 Grass
Tile 20 4 Grass
Tile 21 4 Grass
Tile 22 4 Grass
Tile 23 4 Grass
Tile 24 4 Grass
Tile 25 4 Grass
Tile 26 4 Grass
Tile 27 4 Grass
Tile 28 4 Grass
Tile 29 4 Grass
Tile 30 4 Grass
Tile 31 4 Grass
Tile 32 4 Grass
Tile 33 4 Grass
Tile 34 4 Grass
Tile 35 4 Grass
Tile 36 4 Grass
Tile 37 4 Grass
Tile 38 4 Grass
Tile 39 4 Grass
Tile 40 4 Grass
Tile 41 4 Grass
Tile 42 4 Grass
Tile 43 4 Grass
Tile 44 4 Grass
Tile 45 4 Grass
Tile 46 4 Grass
Tile 47 4 Grass
Tile 48 4 Grass
Tile 49 4 Grass
Tile 0 5 Grass
Tile 1 5 Grass
Tile 2 5 Grass
Tile 3 5 Grass
Tile 4 5 Grass
Tile 5 5 Grass
Tile 6 5 Grass
Tile 7 5 Grass
Tile 8 5 Grass
Tile 9 5 Grass
Tile 10 5 Grass
Tile 11 5 Grass
Tile 12 5 Grass
Tile 13 5 Grass
Tile 14 5 Grass
Tile 15 5 Grass
Tile 16 5 Grass
Tile 17 5 Grass
Tile 18 5 Grass
Tile 19 5 Grass
Tile 20 5 Grass
Tile 21 5 Grass
Tile 22 5 Grass
Tile 23 5 Grass
Tile 24 5 Grass
Tile 25 5 Grass
Tile 26 5 Grass
Tile 27 5 Grass
Tile 28 5 Grass
Tile 29 5 Grass
Tile 30 5 Grass
Tile 31 5 Grass
Tile 32 5 Grass
Tile 33 5 Grass
Tile 34 5 Grass
Tile 35 5 Grass
Tile 36 5 Grass
Tile 37 5 Grass
Tile 38 5 Grass
Tile 39 5 Grass
Tile 40 5 Grass
Tile 41 5 Grass
Tile 42 5 Grass
Tile 43 5 Grass
Tile 44 5 Grass
Tile 45 5 Grass
Tile 46 5 Grass
Tile 47 5 Grass
Tile 48 5 Grass
Tile 49 5 Grass
Tile 0 6 Grass
Tile 1 6 Grass
Tile 2 6 Grass
Tile 3 6 Grass
Tile 4 6 Grass
Tile 5 6 Grass
Tile 6 6 Grass
Tile 7 6 Grass
Tile 8 6 Grass
Tile 9 6 Grass
Tile 10 6 Grass
Tile 11 6 Grass
Tile 12 6 Grass
Tile 13 6 Grass
Tile 14 6 Grass
Tile 15 6 Grass
Tile 16 6 Grass
Tile 17 6 Grass
Tile 18 6 Grass
Tile 19 6 Grass
Tile 20 6 Grass
Tile 21 6 Grass
Tile 22 6 Grass
Tile 23 6 Grass
Tile 24 6 Grass
Tile 25 6 Grass
Tile 26 6 Grass
Tile 27 6 Grass
Tile 28 6 Grass
Tile 29 6 Grass
Tile 30 6 Grass
Tile 31 6 Grass
Tile 32 6 Grass
Tile 33 6 Grass
Tile 34 6 Grass
Tile 35 6 Grass
Tile 36 6 Grass
Tile 37 6 Grass
Tile 38 6 Grass
Tile 39 6 Grass
Tile 40 6 Grass
Tile 41 6 Grass
Tile 42 6 Grass
Tile 43 6 Grass
Tile 44 6 Grass
Tile 45 6 Grass
Tile 46 6 Grass
Tile 47 6 Grass
Tile 48 6 Grass
Tile 49 6 Grass
Tile 0 7 Grass
Tile 1 7 Grass
Tile 2 7 Grass
Tile 3 7 Grass
Tile 4 7 Grass
Tile 5 7 Grass
Tile 6 7 Grass
Tile 7 7 Grass
Tile 8 7 Grass
Tile 9 7 Grass
Tile 10 7 Grass
Tile 11 7 Grass
Tile 12 7 Rocks
Tile 13 7 Rocks
Tile 14 7 Grass
Tile 15 7 Grass
Tile 16 7 Grass
Tile 17 7 Grass
Tile 18 7 Grass
Tile 19 7 Grass
Tile 20 7 Grass
Tile 21 7 Grass
Tile 22 7 Grass
Tile 23 7 Grass
Tile 24 7 Grass
Tile 25 7 Grass
Tile 26 7 Grass
Tile 27 7 Grass
Tile 28 7 Grass
Tile 29 7 Grass
Tile 30 7 Grass
Tile 31 7 Grass
Tile 32 7 Grass
Tile 33 7 Grass
Tile 34 7 Grass
Tile 35 7 Grass
Tile 36 7 Grass
Tile 37 7 Grass
Tile 38 7 Grass
Tile 39 7 Grass
Tile 40 7 Grass
Tile 41 7 Grass
Tile 42 7 Grass
Tile 43 7 Grass
Tile 44 7 Grass
Tile 45 7 Grass
Tile 46 7 Grass
Tile 47 7 Grass
Tile 48 7 Grass
Tile 49 7 Grass
Tile 0 8 Grass
Tile 1 8 Grass
Tile 2 8 Grass
Tile 3 8 Grass
Tile 4 8 Grass
Tile 5 8 Grass
Tile 6 8 Grass
Tile 7 8 Grass
Tile 8 8 Grass
Tile 9 8 Grass
Tile 10 8 Grass
Tile 11 8 Grass
Tile 12 8 Rocks
Tile 13 8 Rocks
Tile 14 8 Grass
Tile 15 8 Grass
Tile 16 8 Grass
Tile 17 8 Grass
Tile 18 8 Grass
Tile 19 8 Grass
Tile 20 8 Grass
Tile 21 8 Grass
Tile 22 8 Grass
Tile 23 8 Grass
Tile 24 8 Grass
Tile 25 8 Grass
Tile 26 8 Grass
Tile 27 8 Grass
Tile 28 8 Grass
Tile 29 8 Grass
Tile 30 8 Grass
Tile 31 8 Grass
Tile 32 8 Grass
Tile 33 8 Grass
Tile 34 8 Grass
Tile 35 8 Grass
Tile 36 8 Grass
Tile 37 8 Grass
Tile 38 8 Grass
Tile 39 8 Grass
Tile 40 8 Grass
Tile 41 8 Grass
Tile 42 8 Grass
Tile 43 8 Grass
Tile 44 8 Grass
Tile 45 8 Grass
Tile 46 8 Grass
Tile 47 8 Grass
Tile 48 8 Grass
Tile 49 8 Grass
Tile 0 9 Grass
Tile 1 9 Grass
Tile 2 9 Grass
Tile 3 9 Grass
Tile 4 9 Grass
Tile 5 9 Grass
Tile 6 9 Grass
Tile 7 9 Grass
Tile 8 9 Grass
Tile 9 9 Grass
Tile 10 9 Grass
Tile 11 9 Grass
Tile 12 9 Rocks
Tile 13 9 Rocks
Tile 14 9 Grass
Tile 15 9 Grass
Tile 16 9 Grass
Tile 17 9 Grass
Tile 18 9 Grass
Tile 19 9 Grass
Tile 20 9 Grass
Tile 21 9 Grass
Tile 22 9 Grass
Tile 23 9 Grass
Tile 24 9 Grass
Tile 25 9 Grass
Tile 26 9 Grass
Tile 27 9 Grass
Tile 28 9 Grass
Tile 29 9 Grass
Tile 30 9 Grass
Tile 31 9 Grass
Tile 32 9 Grass
Tile 33 9 Grass
Tile 34 9 Grass
Tile 35 9 Grass
Tile 36 9 Grass
Tile 37 9 Grass
Tile 38 9 Grass
Tile 39 9 Grass
Tile 40 9 Grass
Tile 41 9 Grass
Tile 42 9 Grass
Tile 43 9 Grass
Tile 44 9 Grass
Tile 45 9 Grass
Tile 46 9 Grass
Tile 47 9 Grass
Tile 48 9 Grass
Tile 49 9 Grass
Tile 0 10 Grass
Tile 1 10 Grass
Tile 2 10 Grass
Tile 3 10 Grass
Tile 4 10 Grass
Tile 5 10 Grass
Tile 6 10 Grass
Tile 7 10 Grass
Tile 8 10 Grass
Tile 9 10 Grass
Tile 10 10 Grass
Tile 11 10 Grass
Tile 12 10 Rocks
Tile 13 10 Rocks
Tile 14 10 Grass
Tile 15 10 Grass
Tile 16 10 Grass
Tile 17 10 Grass
Tile 18 10 Grass
Tile 19 10 Grass
Tile 20 10 Grass
Tile 21 10 Grass
Tile 22 10 Grass
Tile 23 10 Grass
Tile 24 10 Grass
Tile 25 10 Grass
Tile 26 10 Grass
Tile 27 10 Grass
Tile 28 10 Grass
Tile 29 10 Grass
Tile 30 10 Grass
Tile 31 10 Grass
Tile 32 10 Grass
Tile 33 10 Grass
Tile 34 10 Grass
Tile 35 10 Grass
Tile 36 10 Grass
Tile 37 10 Grass
Tile 38 10 Grass
Tile 39 10 Grass
Tile 40 10 Grass
Tile 41 10 Grass
Tile 42 10 Grass
Tile 43 10 Grass
Tile 44 10 Grass
Tile 45 10 Grass
Tile 46 10 Grass
Tile 47 10 Grass
Tile 48 10 Grass
Tile 49 10 Grass
Tile 0 11 Rocks
Tile 1 11 Rocks
Tile 2 11 Rocks
Tile 3 11 Rocks
Tile 4 11 Rocks
Tile 5 11 Rocks
Tile 6 11 Rocks
Tile 7 11 Rocks
Tile 8 11 Rocks
Tile 9 11 Rocks
Tile 10 11 Rocks
Tile 11 11 Rocks
Tile 12 11 Rocks
Tile 13 11 Rocks
Tile 14 11 Grass
Tile 15 11 Grass
Tile 16 11 Grass
Tile 17 11 Grass
Tile 18 11 Grass
Tile 19 11 Grass
Tile 20 11 Grass
Tile 21 11 Grass
Tile 22 11 Grass
Tile 23 11 Grass
Tile 24 11 Grass
Tile 25 11 Grass
Tile 26 11 Grass
Tile 27 11 Grass
Tile 28 11 Grass
Tile 29 11 Grass
Tile 30 11 Grass
Tile 31 11 Grass
Tile 32 11 Grass
Tile 33 11 Grass
Tile 34 11 Grass
Tile 35 11 Grass
Tile 36 11 Grass
Tile 37 11 Grass
Tile 38 11 Grass
Tile 39 11 Grass
Tile 40 11 Grass
Tile 41 11 Grass
Tile 42 11 Grass
Tile 43 11 Grass
Tile 44 11 Grass
Tile 45 11 Grass
Tile 46 11 Grass
Tile 47 11 Grass
Tile 48 11 Grass
Tile 49 11 Grass
Tile 0 12 Grass
Tile 1 12 Grass
Tile 2 12 Grass
Tile 3 12 Grass
Tile 4 12 Grass
Tile 5 12 Grass
Tile 6 12 Grass
Tile 7 12 Grass
Tile 8 12 Grass
Tile 9 12 Grass
Tile 10 12 Grass
Tile 11 12 Grass
Tile 12 12 Grass
Tile 13 12 Grass
Tile 14 12 Grass
Tile 15 12 Grass
Tile 16 12 Grass
Tile 17 12 Grass
Tile 18 12 Grass
Tile 19 12 Grass
Tile 20 12 Grass
Tile 21 12 Grass
Tile 22 12 Grass
Tile 23 12 Grass
Tile 24 12 Grass
Tile 25 12 Grass
Tile 26 12 Grass
Tile 27 12 Grass
Tile 28 12 Grass
Tile 29 12 Grass
Tile 30 12 Grass
Tile 31 12 Grass
Tile 32 12 Grass
Tile 33 12 Grass
Tile 34 12 Grass
Tile 35 12 Grass
Tile 36 12 Grass
Tile 37 12 Grass
Tile 38 12 Grass
Tile 39 12 Grass
Tile 40 12 Grass
Tile 41 12 Grass
Tile 42 12 Grass
Tile 43 12 Grass
Tile 44 12 Grass
Tile 45 12 Grass
Tile 46 12 Grass
Tile 47 12 Grass
Tile 48 12 Grass
Tile 49 12 Grass
Tile 0 13 Grass
Tile 1 13 Grass
Tile 2 13 Grass
Tile 3 13 Grass
Tile 4 13 Grass
Tile 5 13 Grass
Tile 6 13 Grass
Tile 7 13 Grass
Tile 8 13 Grass
Tile 9 13 Grass
Tile 10 13 Grass
Tile 11 13 Grass
Tile 12 13 Grass
Tile 13 13 Grass
Tile 14 13 Grass
Tile 15 13 Grass
Tile 16 13 Grass
Tile 17 13 Grass
Tile 18 13 Grass
Tile 19 13 Grass
Tile 20 13 Grass
Tile 21 13 Grass
Tile 22 13 Grass
Tile 23 13 Grass
Tile 24 13 Grass
Tile 25 13 Grass
Tile 26 13 Grass
Tile 27 13 Grass
Tile 28 13 Grass
Tile 29 13 Grass
Tile 30 13 Grass
Tile 31 13 Grass
Tile 32 13 Grass
Tile 33 13 Grass
Tile 34 13 Grass
Tile 35 13 Grass
Tile 36 13 Grass
Tile 37 13 Grass
Tile 38 13 Grass
Tile 39 13 Grass
Tile 40 13 Grass
Tile 41 13 Grass
Tile 42 13 Grass
Tile 43 13 Grass
Tile 44 13 Grass
Tile 45 13 Grass
Tile 46 13 Grass
Tile 47 13 Grass
Tile 48 13 Grass
Tile 49 13 Grass
Tile 0 14 Grass
Tile 1 14 Grass
Tile 2 14 Grass
Tile 3 14 Grass
Tile 4 14 Grass
Tile 5 14 Grass
Tile 6 14 Grass
Tile 7 14 Grass
Tile 8 14 Grass
Tile 9 14 Grass
Tile 10 14 Grass
Tile 11 14 Grass
Tile 12 14 Grass
Tile 13 14 Grass
Tile 14 14 Grass
Tile 15 14 Grass
Tile 16 14 Grass
Tile 17 14 Grass
Tile 18 14 Grass
Tile 19 14 Grass
Tile 20 14 Grass
Tile 21 14 Grass
Tile 22 14 Grass
Tile 23 14 Grass
Tile 24 14 Grass
Tile 25 14 Grass
Tile 26 14 Grass
Tile 27 14 Grass
Tile 28 14 Grass
Tile 29 14 Grass
Tile 30 14 Grass
Tile 31 14 Grass
Tile 32 14 Grass
Tile 33 14 Grass
Tile 34 14 Grass
Tile 35 14 Grass
Tile 36 14 Grass
Tile 37 14 Grass
Tile 38 14 Grass
Tile 39 14 Grass
Tile 40 14 Grass
Tile 41 14 Grass
Tile 42 14 Grass
Tile 43 14 Grass
Tile 44 14 Grass
Tile 45 14 Grass
Tile 46 14 Grass
Tile 47 14 Grass
Tile 48 14 Grass
Tile 49 14 Grass
Tile 0 15 Grass
Tile 1 15 Grass
Tile 2 15 Grass
Tile 3 15 Grass
Tile 4 15 Grass
Tile 5 15 Grass
Tile 6 15 Grass
Tile 7 15 Grass
Tile 8 15 Grass
Tile 9 15 Grass
Tile 10 15 Grass
Tile 11 15 Grass
Tile 12 15 Grass
Tile 13 15 Grass
Tile 14 15 Grass
Tile 15 15 Grass
Tile 16 15 Grass
Tile 17 15 Grass
Tile 18 15 Grass
Tile 19 15 Grass
Tile 20 15 Grass
Tile 21 15 Grass
Tile 22 15 Grass
Tile 23 15 Grass
Tile 24 15 Grass
Tile 25 15 Grass
Tile 26 15 Grass
Tile 27 15 Grass
Tile 28 15 Grass
Tile 29 15 Grass
Tile 30 15 Grass
Tile 31 15 Grass
Tile 32 15 Grass
Tile 33 15 Grass
Tile 34 15 Grass
Tile 35 15 Grass
Tile 36 15 Grass
Tile 37 15 Grass
Tile 38 15 Grass
Tile 39 15 Grass
Tile 40 15 Grass
Tile 41 15 Grass
Tile 42 15 Grass
Tile 43 15 Grass
Tile 44 15 Grass
Tile 45 15 Grass
Tile 46 15 Grass
Tile 47 15 Grass
Tile 48 15 Grass
Tile 49 15 Grass
Tile 0 16 Grass
Tile 1 16 Grass
Tile 2 16 Grass
Tile 3 16 Grass
Tile 4 16 Grass
Tile 5 16 Grass
Tile 6 16 Grass
Tile 7 16 Grass
Tile 8 16 Grass
Tile 9 16 Grass
Tile 10 16 Grass
Tile 11 16 Grass
Tile 12 16 Grass
Tile 13 16 Grass
Tile 14 16 Grass
Tile 15 16 Grass
Tile 16 16 Grass
Tile 17 16 Grass
Tile 18 16 Grass
Tile 19 16 Grass
Tile 20 16 Grass
Tile 21 16 Grass
Tile 22 16 Grass
Tile 23 16 Grass
Tile 24 16 Grass
Tile 25 16 Grass
Tile 26 16 Grass
Tile 27 16 Grass
Tile 28 16 Grass
Tile 29 16 Grass
Tile 30 16 Grass
Tile 31 16 Grass
Tile 32 16 Grass
Tile 33 16 Grass
Tile 34 16 Grass
Tile 35 16 Grass
Tile 36 16 Grass
Tile 37 16 Grass
Tile 38 16 Grass
Tile 39 16 Grass
Tile 40 16 Grass
Tile 41 16 Grass
Tile 42 16 Grass
Tile 43 16 Grass
Tile 44 16 Grass
Tile 45 16 Grass
Tile 46 16 Grass
Tile 47 16 Grass
Tile 48 16 Grass
Tile 49 16 Grass
Tile 0 17 Grass
Tile 1 17 Grass
Tile 2 17 Grass
Tile 3 17 Grass
Tile 4 17 Grass
Tile 5 17 Grass
Tile 6 17 Grass
Tile 7 17 Grass
Tile 8 17 Grass
Tile 9 17 Grass
Tile 10 17 Grass
Tile 11 17 Grass
Tile 12 17 Grass
Tile 13 17 Grass
Tile 14 17 Grass
Tile 15 17 Grass
Tile 16 17 Grass
Tile 17 17 Grass
Tile 18 17 Grass
Tile 19 17 Grass
Tile 20 17 Grass
Tile 21 17 Grass
Tile 22 17 Grass
Tile 23 17 Grass
Tile 24 17 Grass
Tile 25 17 Grass
Tile 26 17 Grass
Tile 27 17 Grass
Tile 28 17 Grass
Tile 29 17 Grass
Tile 30 17 Grass
Tile 31 17 Grass
Tile 32 17 Grass
Tile 33 17 Grass
Tile 34 17 Grass
Tile 35 17 Grass
Tile 36 17 Grass
Tile 37 17 Grass
Tile 38 17 Grass
Tile 39 17 Grass
Tile 40 17 Grass
Tile 41 17 Grass
Tile 42 17 Grass
Tile 43 17 Grass
Tile 44 17 Grass
Tile 45 17 Grass
Tile 46 17 Grass
Tile 47 17 Grass
Tile 48 17 Grass
Tile 49 17 Grass
Tile 0 18 Grass
Tile 1 18 Grass
Tile 2 18 Grass
Tile 3 18 Grass
Tile 4 18 Grass
Tile 5 18 Grass
Tile 6 18 Grass
Tile 7 18 Grass
Tile 8 18 Grass
Tile 9 18 Grass
Tile 10 18 Grass
Tile 11 18 Grass
Tile 12 18 Grass
Tile 13 18 Grass
Tile 14 18 Grass
Tile 15 18 Grass
Tile 16 18 Grass
Tile 17 18 Grass
Tile 18 18 Grass
Tile 19 18 Grass
Tile 20 18 Grass
Tile 21 18 Grass
Tile 22 18 Grass
Tile 23 18 Grass
Tile 24 18 Grass
Tile 25 18 Grass
Tile 26 18 Grass
Tile 27 18 Grass
Tile 28 18 Grass
Tile 29 18 Grass
Tile 30 18 Grass
Tile 31 18 Grass
Tile 32 18 Grass
Tile 33 18 Grass
Tile 34 18 Grass
Tile 35 18 Grass
Tile 36 18 Grass
Tile 37 18 Grass
Tile 38 18 Grass
Tile 39 18 Grass
Tile 40 18 Grass
Tile 41 18 Grass
Tile 42 18 Grass
Tile 43 18 Grass
Tile 44 18 Grass
Tile 45 18 Grass
Tile 46 18 Grass
Tile 47 18 Grass
Tile 48 18 Grass
Tile 49 18 Grass
Tile 0 19 Grass
Tile 1 19 Grass
Tile 2 19 Grass
Tile 3 19 Grass
Tile 4 19 Grass
Tile 5 19 Grass
Tile 6 19 Grass
Tile 7 19 Grass
Tile 8 19 Grass
Tile 9 19 Grass
Tile 10 19 Grass
Tile 11 19 Grass
Tile 12 19 Grass
Tile 13 19 Grass
Tile 14 19 Grass
Tile 15 19 Grass
Tile 16 19 Grass
Tile 17 19 Grass
Tile 18 19 Grass
Tile 19 19 Grass
Tile 20 19 Grass
Tile 21 19 Grass
Tile 22 19 Grass
Tile 23 19 Grass
Tile 24 19 Grass
Tile 25 19 Grass
Tile 26 19 Grass
Tile 27 19 Grass
Tile 28 19 Grass
Tile 29 19 Grass
Tile 30 19 Grass
Tile 31 19 Grass
Tile 32 19 Grass
Tile 33 19 Grass
Tile 34 19 Grass
Tile 35 19 Grass
Tile 36 19 Grass
Tile 37 19 Grass
Tile 38 19 Grass
Tile 39 19 Grass
Tile 40 19 Grass
Tile 41 19 Grass
Tile 42 19 Grass
Tile 43 19 Grass
Tile 44 19 Grass
Tile 45 19 Grass
Tile 46 19 Grass
Tile 47 19 Grass
Tile 48 19 Grass
Tile 49 19 Grass
Tile 0 20 Grass
Tile 1 20 Grass
Tile 2 20 Grass
Tile 3 20 Grass
Tile 4 20 Grass
Tile 5 20 Grass
Tile 6 20 Grass
Tile 7 20 Grass
Tile 8 20 Grass
Tile 9 20 Grass
Tile 10 20 Grass
Tile 11 20 Grass
Tile 12 20 Grass
Tile 13 20 Grass
Tile 14 20 Grass
Tile 15 20 Grass
Tile 16 20 Grass
Tile 17 20 Grass
Tile 18 20 Grass
Tile 19 20 Grass
Tile 20 20 Grass
Tile 21 20 Grass
Tile 22 20 Grass
Tile 23 20 Grass
Tile 24 20 Grass
Tile 25 20 Grass
Tile 26 20 Grass
Tile 27 20 Grass
Tile 28 20 Grass
Tile 29 20 Grass
Tile 30 20 Grass
Tile 31 20 Grass
Tile 32 20 Grass
Tile 33 20 Grass
Tile 34 20 Grass
Tile 35 20 Grass
Tile 36 20 Grass
Tile 37 20 Grass
Tile 38 20 Grass
Tile 39 20 Grass
Tile 40 20 Grass
Tile 41 20 Grass
Tile 42 20 Grass
Tile 43 20 Grass
Tile 44 20 Grass
Tile 45 20 Grass
Tile 46 20 Grass
Tile 47 20 Grass
Tile 48 20 Grass
Tile 49 20 Grass
Tile 0 21 Grass
Tile 1 21 Grass
Tile 2 21 Grass
Tile 3 21 Grass
Tile 4 21 Grass
Tile 5 21 Grass
Tile 6 21 Grass
Tile 7 21 Grass
Tile 8 21 Grass
Tile 9 21 Grass
Tile 10 21 Grass
Tile 11 21 Grass
Tile 12 21 Grass
Tile 13 21 Grass
Tile 14 21 Grass
Tile 15 21 Grass
Tile 16 21 Grass
Tile 17 21 Grass
Tile 18 21 Grass
Tile 19 21 Grass
Tile 20 21 Grass
Tile 21 21 Grass
Tile 22 21 Grass
Tile 23 21 Grass
Tile 24 21 Grass
Tile 25 21 Grass
Tile 26 21 Grass
Tile 27 21 Grass
Tile 28 21 Grass
Tile 29 21 Grass
Tile 30 21 Grass
Tile 31 21 Grass
Tile 32 21 Grass
Tile 33 21 Grass
Tile 34 21 Grass
Tile 35 21 Grass
Tile 36 21 Grass
Tile 37 21 Grass
Tile 38 21 Grass
Tile 39 21 Grass
Tile 40 21 Grass
Tile 41 21 Grass
Tile 42 21 Grass
Tile 43 21 Grass
Tile 44 21 Grass
Tile 45 21 Grass
Tile 46 21 Grass
Tile 47 21 Grass
Tile 48 21 Grass
Tile 49 21 Grass
Tile 0 22 Grass
Tile 1 22 Grass
Tile 2 22 Grass
Tile 3 22 Grass
Tile 4 22 Grass
Tile 5 22 Grass
Tile 6 22 Grass
Tile 7 22 Grass
Tile 8 22 Grass
Tile 9 22 Grass
Tile 10 22 Grass
Tile 11 22 Grass
Tile 12 22 Grass
Tile 13 22 Grass
Tile 14 22 Grass
Tile 15 22 Grass
Tile 16 22 Grass
Tile 17 22 Grass
Tile 18 22 Grass
Tile 19 22 Grass
Tile 20 22 Grass
Tile 21 22 Grass
Tile 22 22 Grass
Tile 23 22 Grass
Tile 24 22 Grass
Tile 25 22 Grass
Tile 26 22 Grass
Tile 27 22 Grass
Tile 28 22 Grass
Tile 29 22 Grass
Tile 30 22 Grass
Tile 31 22 Grass
Tile 32 22 Grass
Tile 33 22 Grass
Tile 34 22 Grass
Tile 35 22 Grass
Tile 36 22 Grass
Tile 37 22 Grass
Tile 38 22 Grass
Tile 39 22 Grass
Tile 40 22 Grass
Tile 41 22 Grass
Tile 42 22 Grass
Tile 43 22 Grass
Tile 44 22 Grass
Tile 45 22 Grass
Tile 46 22 Grass
Tile 47 22 Grass
Tile 48 22 Grass
Tile 49 22 Grass
Tile 0 23 Grass
Tile 1 23 Grass
Tile 2 23 Grass
Tile 3 23 Grass
Tile 4 23 Grass
Tile 5 23 Grass
Tile 6 23 Grass
Tile 7 23 Grass
Tile 8 23 Grass
Tile 9 23 Grass
Tile 10 23 Grass
Tile 11 23 Grass
Tile 12 23 Grass
Tile 13 23 Grass
Tile 14 23 Grass
Tile 15 23 Grass
Tile 16 23 Grass
Tile 17 23 Grass
Tile 18 23 Grass
Tile 19 23 Grass
Tile 20 23 Grass
Tile 21 23 Grass
Tile 22 23 Grass
Tile 23 23 Grass
Tile 24 23 Grass
Tile 25 23 Grass
Tile 26 23 Grass
Tile 27 23 Grass
Tile 28 23 Grass
Tile 29 23 Grass
Tile 30 23 Grass
Tile 31 23 Grass
Tile 32 23 Grass
Tile 33 23 Grass
Tile 34 23 Grass
Tile 35 23 Grass
Tile 36 23 Grass
Tile 37 23 Grass
Tile 38 23 Grass
Tile 39 23 Grass
Tile 40 23 Grass
Tile 41 23 Grass
Tile 42 23 Grass
Tile 43 23 Grass
Tile 44 23 Grass
Tile 45 23 Grass
Tile 46 23 Grass
Tile 47 23 Grass
Tile 48 23 Grass
Tile 49 23 Grass
Tile 0 24 Grass
Tile 1 24 Grass
Tile 2 24 Grass
Tile 3 24 Grass
Tile 4 24 Grass
Tile 5 24 Grass
Tile 6 24 Grass
Tile 7 24 Grass
Tile 8 24 Grass
Tile 9 24 Grass
Tile 10 24 Grass
Tile 11 24 Grass
Tile 12 24 Grass
Tile 13 24 Grass
Tile 14 24 Grass
Tile 15 24 Grass
Tile 16 24 Grass
Tile 17 24 Grass
Tile 18 24 Grass
Tile 19 24 Grass
Tile 20 24 Grass
Tile 21 24 Grass
Tile 22 24 Grass
Tile 23 24 Grass
Tile 24 24 Grass
Tile 25 24 Grass
Tile 26 24 Grass
Tile 27 24 Grass
Tile 28 24 Grass
Tile 29 24 Grass
Tile 30 24 Grass
Tile 31 24 Grass
Tile 32 24 Grass
Tile 33 24 Grass
Tile 34 24 Grass
Tile 35 24 Grass
Tile 36 24 Grass
Tile 37 24 Grass
Tile 38 24 Grass
Tile 39 24 Grass
Tile 40 24 Grass
Tile 41 24 Grass
Tile 42 24 Grass
Tile 43 24 Grass
Tile 44 24 Grass
Tile 45 24 Grass
Tile 46 24 Grass
Tile 47 24 Grass
Tile 48 24 Grass
Tile 49 24 Grass
Tile 0 25 Grass
Tile 1 25 Grass
Tile 2 25 Grass
Tile 3 25 Grass
Tile 4 25 Grass
Tile 5 25 Grass
Tile 6 25 Grass
Tile 7 25 Grass
Tile 8 25 Grass
Tile 9 25 Grass
Tile 10 25 Grass
Tile 11 25 Grass
Tile 12 25 Grass
Tile 13 25 Grass
Tile 14 25 Grass
Tile 15 25 Grass
Tile 16 25 Grass
Tile 17 25 Grass
Tile 18 25 Grass
Tile 19 25 Grass
Tile 20 25 Grass
Tile 21 25 Grass
Tile 22 25 Grass
Tile 23 25 Grass
Tile 24 25 Grass
Tile 25 25 Grass
Tile 26 25 Grass
Tile 27 25 Grass
Tile 28 25 Grass
Tile 29 25 Grass
Tile 30 25 Grass
Tile 31 25 Grass
Tile 32 25 Grass
Tile 33 25 Grass
Tile 34 25 Grass
Tile 35 25 Grass
Tile 36 25 Grass
Tile 37 25 Grass
Tile 38 25 Grass
Tile 39 25 Grass
Tile 40 25 Grass
Tile 41 25 Grass
Tile 42 25 Grass
Tile 43 25 Grass
Tile 44 25 Grass
Tile 45 25 Grass
Tile 46 25 Grass
Tile 47 25 Grass
Tile 48 25 Grass
Tile 49 25 Grass
Tile 0 26 Grass
Tile 1 26 Grass
Tile 2 26 Grass
Tile 3 26 Grass
Tile 4 26 Grass
Tile 5 26 Grass
Tile 6 26 Grass
Tile 7 26 Grass
Tile 8 26 Grass
Tile 9 26 Grass
Tile 10 26 Grass
Tile 11 26 Grass
Tile 12 26 Grass
Tile 13 26 Grass
Tile 14 26 Grass
Tile 15 26 Grass
Tile 16 26 Grass
Tile 17 26 Grass
Tile 18 26 Grass
Tile 19 26 Grass
Tile 20 26 Grass
Tile 21 26 Grass
Tile 22 26 Grass
Tile 23 26 Grass
Tile 24 26 Grass
Tile 25 26 Grass
Tile 26 26 Grass
Tile 27 26 Grass
Tile 28 26 Grass
Tile 29 26 Grass
Tile 30 26 Grass
Tile 31 26 Grass
Tile 32 26 Grass
Tile 33 26 Grass
Tile 34 26 Grass
Tile 35 26 Grass
Tile 36 26 Grass
Tile 37 26 Grass
Tile 38 26 Grass
Tile 39 26 Grass
Tile 40 26 Grass
Tile 41 26 Grass
Tile 42 26 Grass
Tile 43 26 Grass
Tile 44 26 Grass
Tile 45 26 Grass
Tile 46 26 Grass
Tile 47 26 Grass
Tile 48 26 Grass
Tile 49 26 Grass
Tile 0 27 Grass
Tile 1 27 Grass
Tile 2 27 Grass
Tile 3 27 Grass
Tile 4 27 Grass
Tile 5 27 Grass
Tile 6 27 Grass
Tile 7 27 Grass
Tile 8 27 Grass
Tile 9 27 Grass
Tile 10 27 Grass
Tile 11 27 Grass
Tile 12 27 Grass
Tile 13 27 Grass
Tile 14 27 Grass
Tile 15 27 Grass
Tile 16 27 Grass
Tile 17 27 Grass
Tile 18 27 Grass
Tile 19 27 Grass
Tile 20 27 Grass
Tile 21 27 Grass
Tile 22 27 Grass
Tile 23 27 Grass
Tile 24 27 Grass
Tile 25 27 Grass
Tile 26 27 Grass
Tile 27 27 Grass
Tile 28 27 Grass
Tile 29 27 Grass
Tile 30 27 Grass
Tile 31 27 Grass
Tile 32 27 Grass
Tile 33 27 Grass
Tile 34 27 Grass
Tile 35 27 Grass
Tile 36 27 Grass
Tile 37 27 Grass
Tile 38 27 Grass
Tile 39 27 Grass
Tile 40 27 Grass
Tile 41 27 Grass
Tile 42 27 Grass
Tile 43 27 Grass
Tile 44 27 Grass
Tile 45 27 Grass
Tile 46 27 Grass
Tile 47 27 Grass
Tile 48 27 Grass
Tile 49 27 Grass
Tile 0 28 Grass
Tile 1 28 Grass
Tile 2 28 Grass
Tile 3 28 Grass
Tile 4 28 Grass
Tile 5 28 Grass
Tile 6 28 Grass
Tile 7 28 Grass
Tile 8 28 Grass
Tile 9 28 Grass
Tile 10 28 Grass
Tile 11 28 Grass
Tile 12 28 Grass
Tile 13 28 Grass
Tile 14 28 Grass
Tile 15 28 Grass
Tile 16 28 Grass
Tile 17 28 Grass
Tile 18 28 Grass
Tile 19 28 Grass
Tile 20 28 Grass
Tile 21 28 Grass
Tile 22 28 Grass
Tile 23 28 Grass
Tile 24 28 Grass
Tile 25 28 Grass
Tile 26 28 Grass
Tile 27 28 Grass
Tile 28 28 Grass
Tile 29 28 Grass
Tile 30 28 Grass
Tile 31 28 Grass
Tile 32 28 Grass
Tile 33 28 Grass
Tile 34 28 Grass
Tile 35 28 Grass
Tile 36 28 Grass
Tile 37 28 Grass
Tile 38 28 Grass
Tile 39 28 Grass
Tile 40 28 Grass
Tile 41 28 Grass
Tile 42 28 Grass
Tile 43 28 Grass
Tile 44 28 Grass
Tile 45 28 Grass
Tile 46 28 Grass
Tile 47 28 Grass
Tile 48 28 Grass
Tile 49 28 Grass
Tile 0 29 Grass
Tile 1 29 Grass
Tile 2 29 Grass
Tile 3 29 Grass
Tile 4 29 Grass
Tile 5 29 Grass
Tile 6 29 Grass
Tile 7 29 Grass
Tile 8 29 Grass
Tile 9 29 Grass
Tile 10 29 Grass
Tile 11 29 Grass
Tile 12 29 Grass
Tile 13 29 Grass
Tile 14 29 Grass
Tile 15 29 Grass
Tile 16 29 Grass
Tile 17 29 Grass
Tile 18 29 Grass
Tile 19 29 Grass
Tile 20 29 Grass
Tile 21 29 Grass
Tile 22 29 Grass
Tile 23 29 Grass
Tile 24 29 Grass
Tile 25 29 Grass
Tile 26 29 Grass
Tile 27 29 Grass
Tile 28 29 Grass
Tile 29 29 Grass
Tile 30 29 Grass
Tile 31 29 Grass
Tile 32 29 Grass
Tile 33 29 Grass
Tile 34 29 Grass
Tile 35 29 Grass
Tile 36 29 Grass
Tile 37 29 Grass
Tile 38 29 Grass
Tile 39 29 Grass
Tile 40 29 Grass
Tile 41 29 Grass
Tile 42 29 Grass
Tile 43 29 Grass
Tile 44 29 Grass
Tile 45 29 Grass
Tile 46 29 Grass
Tile 47 29 Grass
Tile 48 29 Grass
Tile 49 29 Grass
Tile 0 30 Grass
Tile 1 30 Grass
Tile 2 30 Grass
Tile 3 30 Grass
Tile 4 30 Grass
Tile 5 30 Grass
Tile 6 30 Grass
Tile 7 30 Grass
Tile 8 30 Grass
Tile 9 30 Grass
Tile 10 30 Grass
Tile 11 30 Grass
Tile 12 30 Grass
Tile 13 30 Grass
Tile 14 30 Grass
Tile 15 30 Grass
Tile 16 30 Grass
Tile 17 30 Grass
Tile 18 30 Grass
Tile 19 30 Grass
Tile 20 30 Grass
Tile 21 30 Grass
Tile 22 30 Grass
Tile 23 30 Grass
Tile 24 30 Grass
Tile 25 30 Grass
Tile 26 30 Grass
Tile 27 30 Grass
Tile 28 30 Grass
Tile 29 30 Grass
Tile 30 30 Grass
Tile 31 30 Grass
Tile 32 30 Grass
Tile 33 30 Grass
Tile 34 30 Grass
Tile 35 30 Grass
Tile 36 30 Grass
Tile 37 30 Grass
Tile 38 30 Grass
Tile 39 30 Grass
Tile 40 30 Grass
Tile 41 30 Grass
Tile 42 30 Grass
Tile 43 30 Grass
Tile 44 30 Grass
Tile 45 30 Grass
Tile 46 30 Grass
Tile 47 30 Grass
Tile 48 30 Grass
Tile 49 30 Grass
Tile 0 31 Grass
Tile 1 31 Grass
Tile 2 31 Grass
Tile 3 31 Grass
Tile 4 31 Grass
Tile 5 31 Grass
Tile 6 31 Grass
Tile 7 31 Grass
Tile 8 31 Grass
Tile 9 31 Grass
Tile 10 31 Grass
Tile 11 31 Grass
Tile 12 31 Grass
Tile 13 31 Grass
Tile 14 31 Grass
Tile 15 31 Grass
Tile 16 31 Grass
Tile 17 31 Grass
Tile 18 31 Grass
Tile 19 31 Grass
Tile 20 31 Grass
Tile 21 31 Grass
Tile 22 31 Grass
Tile 23 31 Grass
Tile 24 31 Grass
Tile 25 31 Grass
Tile 26 31 Grass
Tile 27 31 Grass
Tile 28 31 Grass
Tile 29 31 Grass
Tile 30 31 Grass
Tile 31 31 Grass
Tile 32 31 Grass
Tile 33 31 Grass
Tile 34 31 Grass
Tile 35 31 Grass
Tile 36 31 Grass
Tile 37 31 Grass
Tile 38 31 Grass
Tile 39 31 Grass
Tile 40 31 Grass
Tile 41 31 Grass
Tile 42 31 Grass
Tile 43 31 Grass
Tile 44 31 Grass
Tile 45 31 Grass
Tile 46 31 Grass
Tile 47 31 Grass
Tile 48 31 Grass
Tile 49 31 Grass
Tile 0 32 Grass
Tile 1 32 Grass
Tile 2 32 Grass
Tile 3 32 Grass
Tile 4 32 Grass
Tile 5 32 Grass
Tile 6 32 Grass
Tile 7 32 Grass
Tile 8 32 Grass
Tile 9 32 Grass
Tile 10 32 Grass
Tile 11 32 Grass
Tile 12 32 Grass
Tile 13 32 Grass
Tile 14 32 Grass
Tile 15 32 Grass
Tile 16 32 Grass
Tile 17 32 Grass
Tile 18 32 Grass
Tile 19 32 Grass
Tile 20 32 Grass
Tile 21 32 Grass
Tile 22 32 Grass
Tile 23 32 Grass
Tile 24 32 Grass
Tile 25 32 Grass
Tile 26 32 Grass
Tile 27 32 Grass
Tile 28 32 Grass
Tile 29 32 Grass
Tile 30 32 Grass
Tile 31 32 Grass
Tile 32 32 Grass
Tile 33 32 Grass
Tile 34 32 Grass
Tile 35 32 Grass
Tile 36 32 Grass
Tile 37 32 Grass
Tile 38 32 Grass
Tile 39 32 Grass
Tile 40 32 Grass
Tile 41 32 Grass
Tile 42 32 Grass
Tile 43 32 Grass
Tile 44 32 Grass
Tile 45 32 Grass
Tile 46 32 Grass
Tile 47 32 Grass
Tile 48 32 Grass
Tile 49 32 Grass
Tile 0 33 Grass
Tile 1 33 Grass
Tile 2 33 Grass
Tile 3 33 Grass
Tile 4 33 Grass
Tile 5 33 Grass
Tile 6 33 Grass
Tile 7 33 Grass
Tile 8 33 Grass
Tile 9 33 Grass
Tile 10 33 Grass
Tile 11 33 Grass
Tile 12 33 Grass
Tile 13 33 Grass
Tile 14 33 Grass
Tile 15 33 Grass
Tile 16 33 Grass
Tile 17 33 Grass
Tile 18 33 Grass
Tile 19 33 Grass
Tile 20 33 Grass
Tile 21 33 Grass
Tile 22 33 Grass
Tile 23 33 Grass
Tile 24 33 Grass
Tile 25 33 Grass
Tile 26 33 Grass
Tile 27 33 Grass
Tile 28 33 Grass
Tile 29 33 Grass
Tile 30 33 Grass
Tile 31 33 Grass
Tile 32 33 Grass
Tile 33 33 Grass
Tile 34 33 Grass
Tile 35 33 Grass
Tile 36 33 Grass
Tile 37 33 Grass
Tile 38 33 Grass
Tile 39 33 Grass
Tile 40 33 Grass
Tile 41 33 Grass
Tile 42 33 Grass
Tile 43 33 Grass
Tile 44 33 Grass
Tile 45 33 Grass
Tile 46 33 Grass
Tile 47 33 Grass
Tile 48 33 Grass
Tile 49 33 Grass
Tile 0 34 Grass
Tile 1 34 Grass
Tile 2 34 Grass
Tile 3 34 Grass
Tile 4 34 Grass
Tile 5 34 Grass
Tile 6 34 Grass
Tile 7 34 Grass
Tile 8 34 Grass
Tile 9 34 Grass
Tile 10 34 Grass
Tile 11 34 Grass
Tile 12 34 Grass
Tile 13 34 Grass
Tile 14 34 Grass
Tile 15 34 Grass
Tile 16 34 Grass
Tile 17 34 Grass
Tile 18 34 Grass
Tile 19 34 Grass
Tile 20 34 Grass
Tile 21 34 Grass
Tile 22 34 Grass
Tile 23 34 Grass
Tile 24 34 Grass
Tile 25 34 Grass
Tile 26 34 Grass
Tile 27 34 Grass
Tile 28 34 Grass
Tile 29 34 Grass
Tile 30 34 Grass
Tile 31 34 Grass
Tile 32 34 Grass
Tile 33 34 Grass
Tile 34 34 Grass
Tile 35 34 Grass
Tile 36 34 Grass
Tile 37 34 Grass
Tile 38 34 Grass
Tile 39 34 Grass
Tile 40 34 Grass
Tile 41 34 Grass
Tile 42 34 Grass
Tile 43 34 Grass
Tile 44 34 Grass
Tile 45 34 Grass
Tile 46 34 Grass
Tile 47 34 Grass
Tile 48 34 Grass
Tile 49 34 Grass
Tile 0 35 Grass
Tile 1 35 Grass
Tile 2 35 Grass
Tile 3 35 Grass
Tile 4 35 Grass
Tile 5 35 Grass
Tile 6 35 Grass
Tile 7 35 Grass
Tile 8 35 Grass
Tile 9 35 Grass
Tile 10 35 Grass
Tile 11 35 Grass
Tile 12 35 Grass
Tile 13 35 Grass
Tile 14 35 Grass
Tile 15 35 Grass
Tile 16 35 Grass
Tile 17 35 Grass
Tile 18 35 Grass
Tile 19 35 Grass
Tile 20 35 Grass
Tile 21 35 Grass
Tile 22 35 Grass
Tile 23 35 Grass
Tile 24 35 Grass
Tile 25 35 Grass
Tile 26 35 Grass
Tile 27 35 Grass
Tile 28 35 Grass
Tile 29 35 Grass
Tile 30 35 Grass
Tile 31 35 Grass
Tile 32 35 Grass
Tile 33 35 Grass
Tile 34 35 Grass
Tile 35 35 Grass
Tile 36 35 Grass
Tile 37 35 Grass
Tile 38 35 Grass
Tile 39 35 Grass
Tile 40 35 Grass
Tile 41 35 Grass
Tile 42 35 Grass
Tile 43 35 Grass
Tile 44 35 Grass
Tile 45 35 Grass
Tile 46 35 Grass
Tile 47 35 Grass
Tile 48 35 Grass
Tile 49 35 Grass
Tile 0 36 Grass
Tile 1 36 Grass
Tile 2 36 Grass
Tile 3 36 Grass
Tile 4 36 Grass
Tile 5 36 Grass
Tile 6 36 Grass
Tile 7 36 Grass
Tile 8 36 Grass
Tile 9 36 Grass
Tile 10 36 Grass
Tile 11 36 Grass
Tile 12 36 Grass
Tile 13 36 Grass
Tile 14 36 Grass
Tile 15 36 Grass
Tile 16 36 Grass
Tile 17 36 Grass
Tile 18 36 Grass
Tile 19 36 Grass
Tile 20 36 Grass
Tile 21 36 Grass
Tile 22 36 Grass
Tile 23 36 Grass
Tile 24 36 Grass
Tile 25 36 Grass
Tile 26 36 Grass
Tile 27 36 Grass
Tile 28 36 Grass
Tile 29 36 Grass
Tile 30 36 Grass
Tile 31 36 Grass
Tile 32 36 Grass
Tile 33 36 Grass
Tile 34 36 Grass
Tile 35 36 Grass
Tile 36 36 Grass
Tile 37 36 Grass
Tile 38 36 Grass
Tile 39 36 Grass
Tile 40 36 Grass
Tile 41 36 Grass
Tile 42 36 Grass
Tile 43 36 Grass
Tile 44 36 Grass
Tile 45 36 Grass
Tile 46 36 Grass
Tile 47 36 Grass
Tile 48 36 Grass
Tile 49 36 Grass
Tile 0 37 Grass
Tile 1 37 Grass
Tile 2 37 Grass
Tile 3 37 Grass
Tile 4 37 Grass
Tile 5 37 Grass
Tile 6 37 Grass
Tile 7 37 Grass
Tile 8 37 Grass
Tile 9 37 Grass
Tile 10 37 Grass
Tile 11 37 Grass
Tile 12 37 Grass
Tile 13 37 Grass
Tile 14 37 Grass
Tile 15 37 Grass
Tile 16 37 Grass
Tile 17 37 Grass
Tile 18 37 Grass
Tile 19 37 Grass
Tile 20 37 Grass
Tile 21 37 Grass
Tile 22 37 Grass
Tile 23 37 Grass
Tile 24 37 Grass
Tile 25 37 Grass
Tile 26 37 Grass
Tile 27 37 Grass
Tile 28 37 Grass
Tile 29 37 Grass
Tile 30 37 Grass
Tile 31 37 Grass
Tile 32 37 Grass
Tile 33 37 Grass
Tile 34 37 Grass
Tile 35 37 Grass
Tile 36 37 Grass
Tile 37 37 Grass
Tile 38 37 Grass
Tile 39 37 Grass
Tile 40 37 Grass
Tile 41 37 Grass
Tile 42 37 Grass
Tile 43 37 Grass
Tile 44 37 Grass
Tile 45 37 Grass
Tile 46 37 Grass
Tile 47 37 Grass
Tile 48 37 Grass
Tile 49 37 Grass
Tile 0 38 Grass
Tile 1 38 Grass
Tile 2 38 Grass
Tile 3 38 Grass
Tile 4 38 Grass
Tile 5 38 Grass
Tile 6 38 Grass
Tile 7 38 Grass
Tile 8 38 Grass
Tile 9 38 Grass
Tile 10 38 Grass
Tile 11 38 Grass
Tile 12 38 Grass
Tile 13 38 Grass
Tile 14 38 Grass
Tile 15 38 Grass
Tile 16 38 Grass
Tile 17 38 Grass
Tile 18 38 Grass
Tile 19 38 Grass
Tile 20 38 Grass
Tile 21 38 Grass
Tile 22 38 Grass
Tile 23 38 Grass
Tile 24 38 Grass
Tile 25 38 Grass
Tile 26 38 Grass
Tile 27 38 Grass
Tile 28 38 Grass
Tile 29 38 Grass
Tile 30 38 Grass
Tile 31 38 Grass
Tile 32 38 Grass
Tile 33 38 Grass
Tile 34 38 Grass
Tile 35 38 Grass
Tile 36 38 Grass
Tile 37 38 Grass
Tile 38 38 Grass
Tile 39 38 Grass
Tile 40 38 Grass
Tile 41 38 Grass
Tile 42 38 Grass
Tile 43 38 Grass
Tile 44 38 Grass
Tile 45 38 Grass
Tile 46 38 Grass
Tile 47 38 Grass
Tile 48 38 Grass
Tile 49 38 Grass
Tile 0 39 Grass
Tile 1 39 Grass
Tile 2 39 Grass
Tile 3 39 Grass
Tile 4 39 Grass
Tile 5 39 Grass
Tile 6 39 Grass
Tile 7 39 Grass
Tile 8 39 Grass
Tile 9 39 Grass
Tile 10 39 Grass
Tile 11 39 Grass
Tile 12 39 Grass
Tile 13 39 Grass
Tile 14 39 Grass
Tile 15 39 Grass
Tile 16 39 Grass
Tile 17 39 Grass
Tile 18 39 Grass
Tile 19 39 Grass
Tile 20 39 Grass
Tile 21 39 Grass
Tile 22 39 Grass
Tile 23 39 Grass
Tile 24 39 Grass
Tile 25 39 Grass
Tile 26 39 Grass
Tile 27 39 Grass
Tile 28 39 Grass
Tile 29 39 Grass
Tile 30 39 Grass
Tile 31 39 Grass
Tile 32 39 Grass
Tile 33 39 Grass
Tile 34 39 Grass
Tile 35 39 Grass
Tile 36 39 Grass
Tile 37 39 Grass
Tile 38 39 Grass
Tile 39 39 Grass
Tile 40 39 Grass
Tile 41 39 Grass
Tile 42 39 Grass
Tile 43 39 Grass
Tile 44 39 Grass
Tile 45 39 Grass
Tile 46 39 Grass
Tile 47 39 Grass
Tile 48 39 Grass
Tile 49 39 Grass
Tile 0 40 Grass
Tile 1 40 Grass
Tile 2 40 Grass
Tile 3 40 Grass
Tile 4 40 Grass
Tile 5 40 Grass
Tile 6 40 Grass
Tile 7 40 Grass
Tile 8 40 Grass
Tile 9 40 Grass
Tile 10 40 Grass
Tile 11 40 Grass
Tile 12 40 Grass
Tile 13 40 Grass
Tile 14 40 Grass
Tile 15 40 Grass
Tile 16 40 Grass
Tile 17 40 Grass
Tile 18 40 Grass
Tile 19 40 Grass
Tile 20 40 Grass
Tile 21 40 Grass
Tile 22 40 Grass
Tile 23 40 Grass
Tile 24 40 Grass
Tile 25 40 Grass
Tile 26 40 Grass
Tile 27 40 Grass
Tile 28 40 Grass
Tile 29 40 Grass
Tile 30 40 Grass
Tile 31 40 Grass
Tile 32 40 Grass
Tile 33 40 Grass
Tile 34 40 Grass
Tile 35 40 Grass
Tile 36 40 Grass
Tile 37 40 Grass
Tile 38 40 Grass
Tile 39 40 Grass
Tile 40 40 Grass
Tile 41 40 Grass
Tile 42 40 Grass
Tile 43 40 Grass
Tile 44 40 Grass
Tile 45 40 Grass
Tile 46 40 Grass
Tile 47 40 Grass
Tile 48 40 Grass
Tile 49 40 Grass
Tile 0 41 Grass
Tile 1 41 Grass
Tile 2 41 Grass
Tile 3 41 Grass
Tile 4 41 Grass
Tile 5 41 Grass
Tile 6 41 Grass
Tile 7 41 Grass
Tile 8 41 Grass
Tile 9 41 Grass
Tile 10 41 Grass
Tile 11 41 Grass
Tile 12 41 Grass
Tile 13 41 Grass
Tile 14 41 Grass
Tile 15 41 Grass
Tile 16 41 Grass
Tile 17 41 Grass
Tile 18 41 Grass
Tile 19 41 Grass
Tile 20 41 Grass
Tile 21 41 Grass
Tile 22 41 Grass
Tile 23 41 Grass
Tile 24 41 Grass
Tile 25 41 Grass
Tile 26 41 Grass
Tile 27 41 Grass
Tile 28 41 Grass
Tile 29 41 Grass
Tile 30 41 Grass
Tile 31 41 Grass
Tile 32 41 Grass
Tile 33 41 Grass
Tile 34 41 Grass
Tile 35 41 Grass
Tile 36 41 Grass
Tile 37 41 Grass
Tile 38 41 Grass
Tile 39 41 Grass
Tile 40 41 Grass
Tile 41 41 Grass
Tile 42 41 Grass
Tile 43 41 Grass
Tile 44 41 Grass
Tile 45 41 Grass
Tile 46 41 Grass
Tile 47 41 Grass
Tile 48 41 Grass
Tile 49 41 Grass
Tile 0 42 Grass
Tile 1 42 Grass
Tile 2 42 Grass
Tile 3 42 Grass
Tile 4 42 Grass
Tile 5 42 Grass
Tile 6 42 Grass
Tile 7 42 Grass
Tile 8 42 Grass
Tile 9 42 Grass
Tile 10 42 Grass
Tile 11 42 Grass
Tile 12 42 Grass
Tile 13 42 Grass
Tile 14 42 Grass
Tile 15 42 Grass
Tile 16 42 Grass
Tile 17 42 Grass
Tile 18 42 Grass
Tile 19 42 Grass
Tile 20 42 Grass
Tile 21 42 Grass
Tile 22 42 Grass
Tile 23 42 Grass
Tile 24 42 Grass
Tile 25 42 Grass
Tile 26 42 Grass
Tile 27 42 Grass
Tile 28 42 Grass
Tile 29 42 Grass
Tile 30 42 Grass
Tile 31 42 Grass
Tile 32 42 Grass
Tile 33 42 Grass
Tile 34 42 Grass
Tile 35 42 Grass
Tile 36 42 Grass
Tile 37 42 Grass
Tile 38 42 Grass
Tile 39 42 Grass
Tile 40 42 Grass
Tile 41 42 Grass
Tile 42 42 Grass
Tile 43 42 Grass
Tile 44 42 Grass
Tile 45 42 Grass
Tile 46 42 Grass
Tile 47 42 Grass
Tile 48 42 Grass
Tile 49 42 Grass
Tile 0 43 Grass
Tile 1 43 Grass
Tile 2 43 Grass
Tile 3 43 Grass
Tile 4 43 Grass
Tile 5 43 Grass
Tile 6 43 Grass
Tile 7 43 Grass
Tile 8 43 Grass
Tile 9 43 Grass
Tile 10 43 Grass
Tile 11 43 Grass
Tile 12 43 Grass
Tile 13 43 Grass
Tile 14 43 Grass
Tile 15 43 Grass
Tile 16 43 Grass
Tile 17 43 Grass
Tile 18 43 Grass
Tile 19 43 Grass
Tile 20 43 Grass
Tile 21 43 Grass
Tile 22 43 Grass
Tile 23 43 Grass
Tile 24 43 Grass
Tile 25 43 Grass
Tile 26 43 Grass
Tile 27 43 Grass
Tile 28 43 Grass
Tile 29 43 Grass
Tile 30 43 Grass
Tile 31 43 Grass
Tile 32 43 Grass
Tile 33 43 Grass
Tile 34 43 Grass
Tile 35 43 Grass
Tile 36 43 Grass
Tile 37 43 Grass
Tile 38 43 Grass
Tile 39 43 Grass
Tile 40 43 Grass
Tile 41 43 Grass
Tile 42 43 Grass
Tile 43 43 Grass
Tile 44 43 Grass
Tile 45 43 Grass
Tile 46 43 Grass
Tile 47 43 Grass
Tile 48 43 Grass
Tile 49 43 Grass
Tile 0 44 Grass
Tile 1 44 Grass
Tile 2 44 Grass
Tile 3 44 Grass
Tile 4 44 Grass
Tile 5 44 Grass
Tile 6 44 Grass
Tile 7 44 Grass
Tile 8 44 Grass
Tile 9 44 Grass
Tile 10 44 Grass
Tile 11 44 Grass
Tile 12 44 Grass
Tile 13 44 Grass
Tile 14 44 Grass
Tile 15 44 Grass
Tile 16 44 Grass
Tile 17 44 Grass
Tile 18 44 Grass
Tile 19 44 Grass
Tile 20 44 Grass
Tile 21 44 Grass
Tile 22 44 Grass
Tile 23 44 Grass
Tile 24 44 Grass
Tile 25 44 Grass
Tile 26 44 Grass
Tile 27 44 Grass
Tile 28 44 Grass
Tile 29 44 Grass
Tile 30 44 Grass
Tile 31 44 Grass
Tile 32 44 Grass
Tile 33 44 Grass
Tile 34 44 Grass
Tile 35 44 Grass
Tile 36 44 Grass
Tile 37 44 Grass
Tile 38 44 Grass
Tile 39 44 Grass
Tile 40 44 Grass
Tile 41 44 Grass
Tile 42 44 Grass
Tile 43 44 Grass
Tile 44 44 Grass
Tile 45 44 Grass
Tile 46 44 Grass
Tile 47 44 Grass
Tile 48 44 Grass
Tile 49 44 Grass
Tile 0 45 Grass
Tile 1 45 Grass
Tile 2 45 Grass
Tile 3 45 Grass
Tile 4 45 Grass
Tile 5 45 Grass
Tile 6 45 Grass
Tile 7 45 Grass
Tile 8 45 Grass
Tile 9 45 Grass
Tile 10 45 Grass
Tile 11 45 Grass
Tile 12 45 Grass
Tile 13 45 Grass
Tile 14 45 Grass
Tile 15 45 Grass
Tile 16 45 Grass
Tile 17 45 Grass
Tile 18 45 Grass
Tile 19 45 Grass
Tile 20 45 Grass
Tile 21 45 Grass
Tile 22 45 Grass
Tile 23 45 Grass
Tile 24 45 Grass
Tile 25 45 Grass
Tile 26 45 Grass
Tile 27 45 Grass
Tile 28 45 Grass
Tile 29 45 Grass
Tile 30 45 Grass
Tile 31 45 Grass
Tile 32 45 Grass
Tile 33 45 Grass
Tile 34 45 Grass
Tile 35 45 Grass
Tile 36 45 Grass
Tile 37 45 Grass
Tile 38 45 Grass
Tile 39 45 Grass
Tile 40 45 Grass
Tile 41 45 Grass
Tile 42 45 Grass
Tile 43 45 Grass
Tile 44 45 Grass
Tile 45 45 Grass
Tile 46 45 Grass
Tile 47 45 Grass
Tile 48 45 Grass
Tile 49 45 Grass
Tile 0 46 Grass
Tile 1 46 Grass
Tile 2 46 Grass
Tile 3 46 Grass
Tile 4 46 Grass
Tile 5 46 Grass
Tile 6 46 Grass
Tile 7 46 Grass
Tile 8 46 Grass
Tile 9 46 Grass
Tile 10 46 Grass
Tile 11 46 Grass
Tile 12 46 Grass
Tile 13 46 Grass
Tile 14 46 Grass
Tile 15 46 Grass
Tile 16 46 Grass
Tile 17 46 Grass
Tile 18 46 Grass
Tile 19 46 Grass
Tile 20 46 Grass
Tile 21 46 Grass
Tile 22 46 Grass
Tile 23 46 Grass
Tile 24 46 Grass
Tile 25 46 Grass
Tile 26 46 Grass
Tile 27 46 Grass
Tile 28 46 Grass
Tile 29 46 Grass
Tile 30 46 Grass
Tile 31 46 Grass
Tile 32 46 Grass
Tile 33 46 Grass
Tile 34 46 Grass
Tile 35 46 Grass
Tile 36 46 Grass
Tile 37 46 Grass
Tile 38 46 Grass
Tile 39 46 Grass
Tile 40 46 Grass
Tile 41 46 Grass
Tile 42 46 Grass
Tile 43 46 Grass
Tile 44 46 Grass
Tile 45 46 Grass
Tile 46 46 Grass
Tile 47 46 Grass
Tile 48 46 Grass
Tile 49 46 Grass
Tile 0 47 Grass
Tile 1 47 Grass
Tile 2 47 Grass
Tile 3 47 Grass
Tile 4 47 Grass
Tile 5 47 Grass
Tile 6 47 Grass
Tile 7 47 Grass
Tile 8 47 Grass
Tile 9 47 Grass
Tile 10 47 Grass
Tile 11 47 Grass
Tile 12 47 Grass
Tile 13 47 Grass
Tile 14 47 Grass
Tile 15 47 Grass
Tile 16 47 Grass
Tile 17 47 Grass
Tile 18 47 Grass
Tile 19 47 Grass
Tile 20 47 Grass
Tile 21 47 Grass
Tile 22 47 Grass
Tile 23 47 Grass
Tile 24 47 Grass
Tile 25 47 Grass
Tile 26 47 Grass
Tile 27 47 Grass
Tile 28 47 Grass
Tile 29 47 Grass
Tile 30 47 Grass
Tile 31 47 Grass
Tile 32 47 Grass
Tile 33 47 Grass
Tile 34 47 Grass
Tile 35 47 Grass
Tile 36 47 Grass
Tile 37 47 Grass
Tile 38 47 Grass
Tile 39 47 Grass
Tile 40 47 Grass
Tile 41 47 Grass
Tile 42 47 Grass
Tile 43 47 Grass
Tile 44 47 Grass
Tile 45 47 Grass
Tile 46 47 Grass
Tile 47 47 Grass
Tile 48 47 Grass
Tile 49 47 Grass
Tile 0 48 Grass
Tile 1 48 Grass
Tile 2 48 Grass
Tile 3 48 Grass
Tile 4 48 Grass
Tile 5 48 Grass
Tile 6 48 Grass
Tile 7 48 Grass
Tile 8 48 Grass
Tile 9 48 Grass
Tile 10 48 Grass
Tile 11 48 Grass
Tile 12 48 Grass
Tile 13 48 Grass
Tile 14 48 Grass
Tile 15 48 Grass
Tile 16 48 Grass
Tile 17 48 Grass
Tile 18 48 Grass
Tile 19 48 Grass
Tile 20 48 Grass
Tile 21 48 Grass
Tile 22 48 Grass
Tile 23 48 Grass
Tile 24 48 Grass
Tile 25 48 Grass
Tile 26 48 Grass
Tile 27 48 Grass
Tile 28 48 Grass
Tile 29 48 Grass
Tile 30 48 Grass
Tile 31 48 Grass
Tile 32 48 Grass
Tile 33 48 Grass
Tile 34 48 Grass
Tile 35 48 Grass
Tile 36 48 Grass
Tile 37 48 Grass
Tile 38 48 Grass
Tile 39 48 Grass
Tile 40 48 Grass
Tile 41 48 Grass
Tile 42 48 Grass
Tile 43 48 Grass
Tile 44 48 Grass
Tile 45 48 Grass
Tile 46 48 Grass
Tile 47 48 Grass
Tile 48 48 Grass
Tile 49 48 Grass
Tile 0 49 Grass
Tile 1 49 Grass
Tile 2 49 Grass
Tile 3 49 Grass
Tile 4 49 Grass
Tile 5 49 Grass
Tile 6 49 Grass
Tile 7 49 Grass
Tile 8 49 Grass
Tile 9 49 Grass
Tile 10 49 Grass
Tile 11 49 Grass
Tile 12 49 Grass
Tile 13 49 Grass
Tile 14 49 Grass
Tile 15 49 Grass
Tile 16 49 Grass
Tile 17 49 Grass
Tile 18 49 Grass
Tile 19 49 Grass
Tile 20 49 Grass
Tile 21 49 Grass
Tile 22 49 Grass
Tile 23 49 Grass
Tile 24 49 Grass
Tile 25 49 Grass
Tile 26 49 Grass
Tile 27 49 Grass
Tile 28 49 Grass
Tile 29 49 Grass
Tile 30 49 Grass
Tile 31 49 Grass
Tile 32 49 Grass
Tile 33 49 Grass
Tile 34 49 Grass
Tile 35 49 Grass
Tile 36 49 Grass
Tile 37 49 Grass
Tile 38 49 Grass
Tile 39 49 Grass
Tile 40 49 Grass
Tile 41 49 Grass
Tile 42 49 Grass
Tile 43 49 Grass
Tile 44 49 Grass
Tile 45 49 Grass
Tile 46 49 Grass
Tile 47 49 Grass
Tile 48 49 Grass
Tile 49 49 Grass
GoldMine 7 8
GoldMine 4 0
Lumber 0 4
Lumber 0 5
Lumber 1 5
Lumber 2 5
Lumber 2 6
Lumber 3 6
Lumber 3 7
Lumber 3 8
Lumber 2 8
Lumber 2 9
Lumber 1 9
Lumber 0 9
Lumber 2 7
Lumber 1 7
Lumber 1 6
Lumber 0 6
Lumber 0 7
Lumber 1 8
Lumber 0 8
